mode: set
wallet/main.go:33.48,35.17 1 1
wallet/main.go:35.17,37.3 1 1
wallet/main.go:39.2,41.12 3 1
wallet/main.go:46.49,48.17 1 1
wallet/main.go:48.17,50.3 1 1
wallet/main.go:51.2,51.24 1 1
wallet/main.go:51.24,53.3 1 1
wallet/main.go:55.2,57.12 3 1
wallet/main.go:61.73,67.2 1 1
wallet/main.go:81.17,89.2 6 0
wallet/main.go:92.29,97.2 1 0
wallet/main.go:100.37,104.30 3 0
wallet/main.go:104.30,106.3 1 0
wallet/main.go:106.8,107.36 1 0
wallet/main.go:107.36,116.4 1 0
wallet/main.go:122.80,130.2 1 1
wallet/main.go:132.13,149.16 8 0
wallet/main.go:149.16,152.3 2 0
wallet/main.go:154.2,158.13 3 0
wallet/main.go:158.13,161.3 2 0
wallet/main.go:163.2,165.14 2 0
wallet/main.go:165.14,171.17 3 0
wallet/main.go:171.17,173.12 2 0
wallet/main.go:176.3,180.17 3 0
wallet/main.go:180.17,182.12 2 0
wallet/main.go:184.3,184.17 1 0
wallet/main.go:185.10,190.18 3 0
wallet/main.go:190.18,192.13 2 0
wallet/main.go:194.4,197.18 3 0
wallet/main.go:197.18,199.13 2 0
wallet/main.go:203.4,205.18 2 0
wallet/main.go:205.18,206.41 1 0
wallet/main.go:206.41,208.6 1 0
wallet/main.go:208.11,210.6 1 0
wallet/main.go:211.10,215.5 1 0
wallet/main.go:217.10,221.18 3 0
wallet/main.go:221.18,223.13 2 0
wallet/main.go:226.4,230.18 3 0
wallet/main.go:230.18,232.13 2 0
wallet/main.go:235.4,237.18 2 0
wallet/main.go:237.18,238.45 1 0
wallet/main.go:238.45,240.6 1 0
wallet/main.go:240.11,240.48 1 0
wallet/main.go:240.48,242.6 1 0
wallet/main.go:243.10,247.5 1 0
wallet/main.go:249.10,250.30 1 0
wallet/main.go:252.10,253.36 1 0
wallet/main.go:255.10,257.19 2 0
wallet/main.go:259.11,260.51 1 0
